-------------------------------------------------------------------
You may only use the C/C++ Extension for Visual Studio Code
with Visual Studio Code, Visual Studio or Visual Studio for Mac
software to help you develop and test your applications.
-------------------------------------------------------------------
Loaded 'C:\_eb\execroot\envoy\bazel-out\x64_windows-opt\bin\test\integration\protocol_integration_test.exe'. Module was built without symbols.
Loaded 'C:\Windows\System32\ntdll.dll'.
Loaded 'C:\Windows\System32\kernel32.dll'.
Loaded 'C:\Windows\System32\KernelBase.dll'.
Loaded 'C:\Windows\System32\ws2_32.dll'.
Loaded 'C:\Windows\System32\rpcrt4.dll'.
Loaded 'C:\Windows\System32\advapi32.dll'.
Loaded 'C:\Windows\System32\msvcrt.dll'.
Loaded 'C:\Windows\System32\sechost.dll'.
Loaded 'C:\Windows\System32\dbghelp.dll'.
Loaded 'C:\Windows\System32\ucrtbase.dll'.
Loaded 'C:\Windows\System32\cryptbase.dll'.
Loaded 'C:\Windows\System32\bcryptprimitives.dll'.
Loaded 'C:\Windows\System32\mswsock.dll'.
Loaded 'C:\Windows\System32\IPHLPAPI.DLL'.
Note: Google Test filter = **VeryLargeRequestHeadersRejected/IPv4_HttpDownstream_HttpUpstream**
[==========] Running 1 test from 1 test suite.
[----------] Global test environment set-up.
[----------] 1 test from Protocols/DownstreamProtocolIntegrationTest
[ RUN      ] Protocols/DownstreamProtocolIntegrationTest.VeryLargeRequestHeadersRejected/IPv4_HttpDownstream_HttpUpstream
Loaded 'C:\Windows\System32\wshunix.dll'.
Loaded 'C:\Windows\System32\cryptsp.dll'.
Loaded 'C:\Windows\System32\rsaenh.dll'.
Exception thrown at 0x00007FFA5FEA217C in protocol_integration_test.exe: Microsoft C++ exception: Envoy::`anonymous namespace'::ApiBoostRetryException at memory location 0x000000D9392FE340.
[2021-05-06 11:50:43.592][15416][debug][runtime] [source/common/runtime/runtime_features.cc:31] Unable to use runtime singleton for feature envoy.http.headermap.lazy_map_min_size
[2021-05-06 11:50:43.593][15416][debug][runtime] [source/common/runtime/runtime_features.cc:20] Unable to use runtime singleton for feature envoy.reloadable_features.header_map_correctly_coalesce_cookies
[2021-05-06 11:50:43.594][15416][debug][runtime] [source/common/runtime/runtime_features.cc:31] Unable to use runtime singleton for feature envoy.http.headermap.lazy_map_min_size
[2021-05-06 11:50:43.594][15416][debug][runtime] [source/common/runtime/runtime_features.cc:20] Unable to use runtime singleton for feature envoy.reloadable_features.header_map_correctly_coalesce_cookies
[2021-05-06 11:50:43.594][15416][debug][runtime] [source/common/runtime/runtime_features.cc:31] Unable to use runtime singleton for feature envoy.http.headermap.lazy_map_min_size
[2021-05-06 11:50:43.594][15416][debug][runtime] [source/common/runtime/runtime_features.cc:20] Unable to use runtime singleton for feature envoy.reloadable_features.header_map_correctly_coalesce_cookies
Loaded 'C:\Windows\System32\kernel.appcore.dll'.
[2021-05-06 11:50:43.608][15416][info][testing] [test/integration/fake_upstream.cc:498] starting fake server on socket 0.0.0.0:0. Address version is v4. UDP=false
[2021-05-06 11:50:43.608][15416][debug][misc] [test/integration/base_integration_test.cc:170] Setting up file-based LDS
[2021-05-06 11:50:43.608][15416][debug][misc] [test/config/utility.cc:841] No tap path set for tests
[2021-05-06 11:50:43.617][15416][debug][misc] [test/integration/base_integration_test.cc:204] Running Envoy with configuration:
static_resources:
  clusters:
    - name: cluster_0
      connect_timeout: 5s
      load_assignment:
        cluster_name: cluster_0
        endpoints:
          - lb_endpoints:
              - endpoint:
                  address:
                    socket_address:
                      address: 127.0.0.1
                      port_value: 56334
      typed_extension_protocol_options:
        envoy.extensions.upstreams.http.v3.HttpProtocolOptions:
          "@type": type.googleapis.com/envoy.extensions.upstreams.http.v3.HttpProtocolOptions
          explicit_http_config:
            http_protocol_options:
              {}
  secrets:
    - name: secret_static_0
      tls_certificate:
        certificate_chain:
          inline_string: DUMMY_INLINE_BYTES
        private_key:
          inline_string: DUMMY_INLINE_BYTES
        password:
          inline_string: DUMMY_INLINE_BYTES
dynamic_resources:
  lds_config:
    path: C:\Windows\TEMP/16008_16203270436082621
    resource_api_version: V3
admin:
  address:
    socket_address:
      address: 127.0.0.1
      port_value: 0
  access_log:
    - name: envoy.access_loggers.file
      typed_config:
        "@type": type.googleapis.com/envoy.extensions.access_loggers.file.v3.FileAccessLog
        path: NUL
layered_runtime:
  layers:
    - name: static_layer
      static_layer:
        {}
    - name: admin
      admin_layer:
        {}
[2021-05-06 11:50:43.625][15416][info][testing] [test/integration/server.cc:108] starting integration test server
[2021-05-06 11:50:43.629][11392][info][main] [source/server/server.cc:330] initializing epoch 0 (base id=0, hot restart version=disabled)
[2021-05-06 11:50:43.629][11392][info][main] [source/server/server.cc:332] statically linked extensions:
[2021-05-06 11:50:43.629][11392][info][main] [source/server/server.cc:334]   envoy.filters.network: envoy.filters.network.http_connection_manager, envoy.http_connection_manager
[2021-05-06 11:50:43.629][11392][info][main] [source/server/server.cc:334]   envoy.access_loggers: envoy.access_loggers.file, envoy.access_loggers.stderr, envoy.access_loggers.stdout, envoy.file_access_log, envoy.stderr_access_log, envoy.stdout_access_log
[2021-05-06 11:50:43.629][11392][info][main] [source/server/server.cc:334]   envoy.request_id: envoy.request_id.uuid
[2021-05-06 11:50:43.629][11392][info][main] [source/server/server.cc:334]   envoy.matching.action: skip
[2021-05-06 11:50:43.629][11392][info][main] [source/server/server.cc:334]   envoy.clusters: envoy.cluster.eds, envoy.cluster.logical_dns, envoy.cluster.original_dst, envoy.cluster.static, envoy.cluster.strict_dns
[2021-05-06 11:50:43.629][11392][info][main] [source/server/server.cc:334]   envoy.guarddog_actions: envoy.watchdog.abort_action
[2021-05-06 11:50:43.629][11392][info][main] [source/server/server.cc:334]   envoy.upstream_options: envoy.extensions.upstreams.http.v3.HttpProtocolOptions, envoy.upstreams.http.http_protocol_options
[2021-05-06 11:50:43.629][11392][info][main] [source/server/server.cc:334]   envoy.matching.http.input: request-headers, request-trailers, response-headers, response-trailers
[2021-05-06 11:50:43.629][11392][info][main] [source/server/server.cc:334]   envoy.transport_sockets.upstream: envoy.transport_sockets.quic, envoy.transport_sockets.raw_buffer, envoy.transport_sockets.tap, envoy.transport_sockets.tls, raw_buffer, tls
[2021-05-06 11:50:43.629][11392][info][main] [source/server/server.cc:334]   envoy.bootstrap: envoy.extensions.network.socket_interface.default_socket_interface
[2021-05-06 11:50:43.629][11392][info][main] [source/server/server.cc:334]   envoy.grpc_credentials: envoy.grpc_credentials.default
[2021-05-06 11:50:43.629][11392][info][main] [source/server/server.cc:334]   envoy.upstreams: envoy.filters.connection_pools.http.generic
[2021-05-06 11:50:43.629][11392][info][main] [source/server/server.cc:334]   envoy.filters.http: add-body-filter, add-trailers-filter, call-decodedata-once-filter, continue-after-local-reply-filter, continue-headers-only-inject-body-filter, decode-headers-return-stop-all-filter, encode-headers-return-stop-all-filter, encoder-decoder-buffer-filter, envoy.buffer, envoy.filters.http.buffer, envoy.filters.http.health_check, envoy.filters.http.on_demand, envoy.filters.http.router, envoy.health_check, envoy.router, invalid-header-filter, local-reply-during-encode, local-reply-during-encode-data, match-wrapper, modify-buffer-filter, passthrough-filter, pause-filter, random-pause-filter, wait-for-whole-request-and-response-filter
[2021-05-06 11:50:43.629][11392][info][main] [source/server/server.cc:334]   envoy.transport_sockets.downstream: envoy.transport_sockets.quic, envoy.transport_sockets.raw_buffer, envoy.transport_sockets.tap, envoy.transport_sockets.tls, raw_buffer, tls
[2021-05-06 11:50:43.629][11392][info][main] [source/server/server.cc:334]   envoy.tls.cert_validator: envoy.tls.cert_validator.default
[2021-05-06 11:50:43.629][11392][info][main] [source/server/server.cc:334]   envoy.resolvers: envoy.ip
Exception thrown at 0x00007FFA5FEA217C in protocol_integration_test.exe: Microsoft C++ exception: Envoy::ProtobufMessage::UnknownProtoFieldException at memory location 0x000000D9397FBA40.
Exception thrown at 0x00007FFA5FEA217C in protocol_integration_test.exe: Microsoft C++ exception: Envoy::`anonymous namespace'::ApiBoostRetryException at memory location 0x000000D9397FBDC0.
[2021-05-06 11:50:43.632][11392][info][main] [source/server/server.cc:350] HTTP header map info:
[2021-05-06 11:50:43.632][11392][debug][runtime] [source/common/runtime/runtime_features.cc:31] Unable to use runtime singleton for feature envoy.http.headermap.lazy_map_min_size
[2021-05-06 11:50:43.632][11392][debug][runtime] [source/common/runtime/runtime_features.cc:20] Unable to use runtime singleton for feature envoy.reloadable_features.header_map_correctly_coalesce_cookies
[2021-05-06 11:50:43.632][11392][debug][runtime] [source/common/runtime/runtime_features.cc:31] Unable to use runtime singleton for feature envoy.http.headermap.lazy_map_min_size
[2021-05-06 11:50:43.632][11392][debug][runtime] [source/common/runtime/runtime_features.cc:20] Unable to use runtime singleton for feature envoy.reloadable_features.header_map_correctly_coalesce_cookies
[2021-05-06 11:50:43.632][11392][debug][runtime] [source/common/runtime/runtime_features.cc:31] Unable to use runtime singleton for feature envoy.http.headermap.lazy_map_min_size
[2021-05-06 11:50:43.632][11392][debug][runtime] [source/common/runtime/runtime_features.cc:20] Unable to use runtime singleton for feature envoy.reloadable_features.header_map_correctly_coalesce_cookies
[2021-05-06 11:50:43.632][11392][debug][runtime] [source/common/runtime/runtime_features.cc:31] Unable to use runtime singleton for feature envoy.http.headermap.lazy_map_min_size
[2021-05-06 11:50:43.632][11392][debug][runtime] [source/common/runtime/runtime_features.cc:20] Unable to use runtime singleton for feature envoy.reloadable_features.header_map_correctly_coalesce_cookies
[2021-05-06 11:50:43.632][11392][info][main] [source/server/server.cc:353]   request header map: 472 bytes: :authority,:method,:path,:protocol,:scheme,connection,content-length,content-type,expect,grpc-timeout,keep-alive,proxy-connection,te,transfer-encoding,upgrade,user-agent,via,x-client-trace-id,x-envoy-attempt-count,x-envoy-decorator-operation,x-envoy-downstream-service-cluster,x-envoy-downstream-service-node,x-envoy-expected-rq-timeout-ms,x-envoy-external-address,x-envoy-force-trace,x-envoy-hedge-on-per-try-timeout,x-envoy-internal,x-envoy-ip-tags,x-envoy-max-retries,x-envoy-original-path,x-envoy-original-url,x-envoy-retriable-header-names,x-envoy-retriable-status-codes,x-envoy-retry-grpc-on,x-envoy-retry-on,x-envoy-upstream-alt-stat-name,x-envoy-upstream-rq-per-try-timeout-ms,x-envoy-upstream-rq-timeout-alt-response,x-envoy-upstream-rq-timeout-ms,x-forwarded-client-cert,x-forwarded-for,x-forwarded-proto,x-request-id
[2021-05-06 11:50:43.632][11392][info][main] [source/server/server.cc:353]   request trailer map: 128 bytes:
[2021-05-06 11:50:43.632][11392][info][main] [source/server/server.cc:353]   response header map: 320 bytes: :status,connection,content-length,content-type,date,grpc-message,grpc-status,keep-alive,location,proxy-connection,server,transfer-encoding,upgrade,via,x-envoy-attempt-count,x-envoy-decorator-operation,x-envoy-degraded,x-envoy-immediate-health-check-fail,x-envoy-ratelimited,x-envoy-upstream-canary,x-envoy-upstream-healthchecked-cluster,x-envoy-upstream-service-time,x-request-id
[2021-05-06 11:50:43.632][11392][info][main] [source/server/server.cc:353]   response trailer map: 152 bytes: grpc-message,grpc-status
[2021-05-06 11:50:43.635][11392][debug][main] [source/server/overload_manager_impl.cc:368] No overload action is configured for envoy.overload_actions.shrink_heap.
[2021-05-06 11:50:43.638][11392][debug][main] [source/server/overload_manager_impl.cc:368] No overload action is configured for envoy.overload_actions.reduce_timeouts.
[2021-05-06 11:50:43.638][11392][debug][main] [source/server/overload_manager_impl.cc:368] No overload action is configured for envoy.overload_actions.stop_accepting_connections.
[2021-05-06 11:50:43.638][11392][debug][main] [source/server/overload_manager_impl.cc:368] No overload action is configured for envoy.overload_actions.reject_incoming_connections.
[2021-05-06 11:50:43.638][11392][info][admin] [source/server/admin/admin.cc:134] admin address: 127.0.0.1:56335
[2021-05-06 11:50:43.638][11392][info][main] [source/server/server.cc:666] runtime: layers:
  - name: static_layer
    static_layer:
      {}
  - name: admin
    admin_layer:
      {}
Loaded 'C:\Windows\System32\nsi.dll'.
Loaded 'C:\Windows\System32\dhcpcsvc6.dll'.
Loaded 'C:\Windows\System32\dhcpcsvc.dll'.
Loaded 'C:\Windows\System32\dnsapi.dll'.
[2021-05-06 11:50:43.664][11392][info][config] [source/server/configuration_impl.cc:128] loading tracing configuration
[2021-05-06 11:50:43.664][11392][info][config] [source/server/configuration_impl.cc:88] loading 1 static secret(s)
[2021-05-06 11:50:43.664][11392][debug][config] [source/server/configuration_impl.cc:90] static secret #0: secret_static_0
[2021-05-06 11:50:43.664][11392][info][config] [source/server/configuration_impl.cc:94] loading 1 cluster(s)
[2021-05-06 11:50:43.666][19596][debug][grpc] [source/common/grpc/google_async_client_impl.cc:50] completionThread running
[2021-05-06 11:50:43.667][11392][debug][upstream] [source/common/upstream/upstream_impl.cc:279] transport socket match, socket default selected for host with address 127.0.0.1:56334
[2021-05-06 11:50:43.668][11392][trace][upstream] [source/common/upstream/upstream_impl.cc:1395] Local locality: zone: "zone_name"

[2021-05-06 11:50:43.668][11392][debug][upstream] [source/common/upstream/upstream_impl.cc:1088] initializing Primary cluster cluster_0 completed
[2021-05-06 11:50:43.668][11392][debug][init] [source/common/init/manager_impl.cc:49] init manager Cluster cluster_0 contains no targets
[2021-05-06 11:50:43.668][11392][debug][init] [source/common/init/watcher_impl.cc:14] init manager Cluster cluster_0 initialized, notifying ClusterImplBase
[2021-05-06 11:50:43.668][11392][debug][upstream] [source/common/upstream/cluster_manager_impl.cc:981] adding TLS cluster cluster_0
[2021-05-06 11:50:43.668][11392][debug][upstream] [source/common/upstream/cluster_manager_impl.cc:1235] membership update for TLS cluster cluster_0 added 1 removed 0
[2021-05-06 11:50:43.668][11392][debug][upstream] [source/common/upstream/cluster_manager_impl.cc:134] cm init: init complete: cluster=cluster_0 primary=0 secondary=0
[2021-05-06 11:50:43.668][11392][debug][upstream] [source/common/upstream/cluster_manager_impl.cc:154] maybe finish initialize state: 0
[2021-05-06 11:50:43.668][11392][debug][upstream] [source/common/upstream/cluster_manager_impl.cc:100] cm init: adding: cluster=cluster_0 primary=0 secondary=0
[2021-05-06 11:50:43.668][11392][debug][upstream] [source/common/upstream/cluster_manager_impl.cc:154] maybe finish initialize state: 1
[2021-05-06 11:50:43.668][11392][debug][upstream] [source/common/upstream/cluster_manager_impl.cc:163] maybe finish initialize primary init clusters empty: true
[2021-05-06 11:50:43.668][11392][info][config] [source/server/configuration_impl.cc:98] loading 0 listener(s)
[2021-05-06 11:50:43.668][11392][info][config] [source/server/configuration_impl.cc:110] loading stats configuration
[2021-05-06 11:50:43.670][11392][debug][file] [source/common/filesystem/win32/watcher_impl.cc:104] created watch for directory: 'C:\Windows\TEMP' handle: 0x294
[2021-05-06 11:50:43.670][11392][debug][file] [source/common/filesystem/win32/watcher_impl.cc:108] added watch for file '16008_16203270436082621' in directory 'C:\Windows\TEMP'
[2021-05-06 11:50:43.670][11392][debug][init] [source/common/init/manager_impl.cc:24] added target LDS to init manager Server
[2021-05-06 11:50:43.670][11392][debug][init] [source/common/init/manager_impl.cc:49] init manager RTDS contains no targets
[2021-05-06 11:50:43.670][11392][debug][init] [source/common/init/watcher_impl.cc:14] init manager RTDS initialized, notifying RTDS
[2021-05-06 11:50:43.670][11392][info][runtime] [source/common/runtime/runtime_impl.cc:449] RTDS has finished initialization
[2021-05-06 11:50:43.670][11392][debug][upstream] [source/common/upstream/cluster_manager_impl.cc:223] continue initializing secondary clusters
[2021-05-06 11:50:43.670][11392][debug][upstream] [source/common/upstream/cluster_manager_impl.cc:154] maybe finish initialize state: 2
[2021-05-06 11:50:43.670][11392][debug][upstream] [source/common/upstream/cluster_manager_impl.cc:163] maybe finish initialize primary init clusters empty: true
[2021-05-06 11:50:43.670][11392][debug][upstream] [source/common/upstream/cluster_manager_impl.cc:178] maybe finish initialize secondary init clusters empty: true
[2021-05-06 11:50:43.670][11392][debug][upstream] [source/common/upstream/cluster_manager_impl.cc:199] maybe finish initialize cds api ready: false
[2021-05-06 11:50:43.670][11392][info][upstream] [source/common/upstream/cluster_manager_impl.cc:205] cm init: all clusters initialized
[2021-05-06 11:50:43.670][11392][warning][main] [source/server/server.cc:641] there is no configured limit to the number of allowed active connections. Set a limit via the runtime key overload.global_downstream_max_connections
[2021-05-06 11:50:43.676][15416][info][testing] [test/integration/server.cc:85] listener wait complete
[2021-05-06 11:50:43.677][11392][info][main] [source/server/server.cc:744] all clusters initialized. initializing init manager
[2021-05-06 11:50:43.677][11392][debug][init] [source/common/init/manager_impl.cc:53] init manager Server initializing
[2021-05-06 11:50:43.677][11392][debug][init] [source/common/init/target_impl.cc:15] init manager Server initializing target LDS
[2021-05-06 11:50:43.677][11392][debug][config] [source/common/config/filesystem_subscription_impl.cc:61] Filesystem config refresh for C:\Windows\TEMP/16008_16203270436082621
[2021-05-06 11:50:43.680][11392][debug][config] [source/server/listener_manager_impl.cc:396] begin add/update listener: name=http hash=6078089564532153465
[2021-05-06 11:50:43.680][11392][debug][config] [source/server/listener_manager_impl.cc:433] use full listener update path for listener name=http hash=6078089564532153465
[2021-05-06 11:50:43.680][11392][debug][config] [source/server/listener_manager_impl.cc:96]   filter #0:
[2021-05-06 11:50:43.680][11392][debug][config] [source/server/listener_manager_impl.cc:97]     name: http
[2021-05-06 11:50:43.680][11392][debug][config] [source/server/listener_manager_impl.cc:103]   config: {"@type":"type.googleapis.com/envoy.extensions.filters.network.http_connection_manager.v3.HttpConnectionManager","codec_type":"HTTP1","stat_prefix":"config_test","route_config":{"name":"route_config_0","virtual_hosts":[{"name":"integration","domains":["*"],"routes":[{"match":{"prefix":"/"},"route":{"cluster":"cluster_0"}}]}]},"http_filters":[{"name":"envoy.filters.http.router"}],"access_log":[{"name":"accesslog","filter":{"not_health_check_filter":{}},"typed_config":{"@type":"type.googleapis.com/envoy.extensions.access_loggers.file.v3.FileAccessLog","path":"C:\\Windows\\TEMP/16008_16203270435945553","log_format":{"text_format_source":{"inline_string":"%RESPONSE_CODE_DETAILS%\n"}}}}],"delayed_close_timeout":"0.000000100s","max_request_headers_kb":1024,"common_http_protocol_options":{"max_headers_count":100}}
[2021-05-06 11:50:43.683][21656][debug][file] [source/common/filesystem/win32/watcher_impl.cc:187] notification: handle: 0x294 action: 1 file: 16008_16203270435945553
[2021-05-06 11:50:43.683][11392][debug][config] [source/extensions/filters/network/http_connection_manager/config.cc:526]     http filter #0
[2021-05-06 11:50:43.683][11392][debug][config] [source/extensions/filters/network/http_connection_manager/config.cc:549]       name: envoy.filters.http.router
[2021-05-06 11:50:43.683][11392][debug][config] [source/extensions/filters/network/http_connection_manager/config.cc:556]     config: {}

[2021-05-06 11:50:43.684][11392][debug][config] [source/server/filter_chain_manager_impl.cc:228] new fc_contexts has 1 filter chains, including 1 newly built
[2021-05-06 11:50:43.684][11392][debug][init] [source/common/init/target_impl.cc:15] init manager Server initializing target Listener-init-target http
[2021-05-06 11:50:43.684][11392][debug][init] [source/common/init/manager_impl.cc:49] init manager Listener-local-init-manager http 6078089564532153465 contains no targets
[2021-05-06 11:50:43.684][11392][debug][init] [source/common/init/watcher_impl.cc:14] init manager Listener-local-init-manager http 6078089564532153465 initialized, notifying Listener-local-init-watcher http
[2021-05-06 11:50:43.684][11392][debug][init] [source/common/init/watcher_impl.cc:14] target Listener-init-target http initialized, notifying init manager Server
[2021-05-06 11:50:43.684][11392][debug][config] [source/server/listener_impl.cc:135] Create listen socket for listener http on address 127.0.0.1:0
[2021-05-06 11:50:43.684][11392][debug][config] [source/server/listener_impl.cc:125] Set listener http socket factory local address to 127.0.0.1:56340
[2021-05-06 11:50:43.684][11392][debug][config] [source/server/listener_impl.cc:690] add active listener: name=http, hash=6078089564532153465, address=127.0.0.1:0
[2021-05-06 11:50:43.684][11392][info][upstream] [source/server/lds_api.cc:78] lds: add/update listener 'http'
[2021-05-06 11:50:43.684][11392][debug][init] [source/common/init/watcher_impl.cc:14] target LDS initialized, notifying init manager Server
[2021-05-06 11:50:43.684][11392][debug][init] [source/common/init/watcher_impl.cc:14] init manager Server initialized, notifying RunHelper
[2021-05-06 11:50:43.684][11392][info][config] [source/server/listener_manager_impl.cc:832] all dependencies initialized. starting workers
[2021-05-06 11:50:43.684][11392][debug][config] [source/server/listener_manager_impl.cc:843] starting worker 0
[2021-05-06 11:50:43.685][13164][debug][main] [source/server/worker_impl.cc:131] worker entering dispatch loop
[2021-05-06 11:50:43.686][13164][debug][upstream] [source/common/upstream/cluster_manager_impl.cc:981] adding TLS cluster cluster_0
[2021-05-06 11:50:43.689][18392][debug][grpc] [source/common/grpc/google_async_client_impl.cc:50] completionThread running
[2021-05-06 11:50:43.689][13164][debug][upstream] [source/common/upstream/cluster_manager_impl.cc:1235] membership update for TLS cluster cluster_0 added 1 removed 0
[2021-05-06 11:50:43.690][11392][debug][config] [source/common/config/filesystem_subscription_impl.cc:71] Filesystem config update accepted for C:\Windows\TEMP/16008_16203270436082621: version_info: "0"
resources {
  [type.googleapis.com/envoy.config.listener.v3.Listener] {
    name: "http"
    address {
      socket_address {
        address: "127.0.0.1"
        port_value: 0
      }
    }
    filter_chains {
      filters {
        name: "http"
        typed_config {
          [type.googleapis.com/envoy.extensions.filters.network.http_connection_manager.v3.HttpConnectionManager] {
            codec_type: HTTP1
            stat_prefix: "config_test"
            route_config {
              name: "route_config_0"
              virtual_hosts {
                name: "integration"
                domains: "*"
                routes {
                  match {
                    prefix: "/"
                  }
                  route {
                    cluster: "cluster_0"
                  }
                }
              }
            }
            http_filters {
              name: "envoy.filters.http.router"
            }
            access_log {
              name: "accesslog"
              filter {
                not_health_check_filter {
                }
              }
              typed_config {
                [type.googleapis.com/envoy.extensions.access_loggers.file.v3.FileAccessLog] {
                  path: "C:\\Windows\\TEMP/16008_16203270435945553"
                  log_format {
                    text_format_source {
                      inline_string: "%RESPONSE_CODE_DETAILS%\n"
                    }
                  }
                }
              }
            }
            delayed_close_timeout {
              nanos: 100
            }
            max_request_headers_kb {
              value: 1024
            }
            common_http_protocol_options {
              max_headers_count {
                value: 100
              }
            }
          }
        }
      }
    }
  }
}
183412668: "envoy.api.v2.DiscoveryResponse"

[2021-05-06 11:50:43.690][11392][info][main] [source/server/server.cc:763] starting main dispatch loop
[2021-05-06 11:50:43.693][15416][debug][testing] [test/integration/base_integration_test.cc:313] registered 'http' as port 56340.
[2021-05-06 11:50:43.694][15416][debug][upstream] [source/common/upstream/upstream_impl.cc:279] transport socket match, socket test selected for host with address 127.0.0.1:80
[2021-05-06 11:50:43.694][15416][debug][client] [source/common/http/codec_client.cc:60] [C0] connecting
[2021-05-06 11:50:43.694][15416][debug][connection] [source/common/network/connection_impl.cc:860] [C0] connecting to 127.0.0.1:56340
[2021-05-06 11:50:43.699][15416][debug][connection] [source/common/network/connection_impl.cc:876] [C0] connection in progress
[2021-05-06 11:50:43.699][15416][trace][connection] [source/common/network/connection_impl.cc:547] [C0] socket event: 2
[2021-05-06 11:50:43.699][15416][trace][connection] [source/common/network/connection_impl.cc:656] [C0] write ready
[2021-05-06 11:50:43.699][15416][debug][connection] [source/common/network/connection_impl.cc:665] [C0] connected
[2021-05-06 11:50:43.699][15416][trace][connection] [source/common/network/connection_impl.cc:410] [C0] raising connection event 2
[2021-05-06 11:50:43.699][15416][debug][client] [source/common/http/codec_client.cc:88] [C0] connected
[2021-05-06 11:50:43.699][13164][trace][misc] [source/common/event/scaled_range_timer_manager_impl.cc:60] enableTimer called on 0x2a8ad89fe70 for 3600000ms, min is 3600000ms
[2021-05-06 11:50:43.699][13164][debug][conn_handler] [source/server/active_tcp_listener.cc:327] [C1] new connection
[2021-05-06 11:50:43.700][13164][trace][connection] [source/common/network/connection_impl.cc:547] [C1] socket event: 2
[2021-05-06 11:50:43.700][13164][trace][connection] [source/common/network/connection_impl.cc:656] [C1] write ready
[2021-05-06 11:50:43.700][15416][trace][connection] [source/common/network/connection_impl.cc:470] [C0] writing 2097228 bytes, end_stream false
[2021-05-06 11:50:43.700][15416][trace][connection] [source/common/network/connection_impl.cc:547] [C0] socket event: 2
[2021-05-06 11:50:43.700][15416][trace][connection] [source/common/network/connection_impl.cc:656] [C0] write ready
[2021-05-06 11:50:43.701][13164][trace][connection] [source/common/network/connection_impl.cc:547] [C1] socket event: 1
[2021-05-06 11:50:43.701][13164][trace][connection] [source/common/network/connection_impl.cc:585] [C1] read ready. dispatch_buffered_data=false
[2021-05-06 11:50:43.701][13164][trace][connection] [source/common/network/raw_buffer_socket.cc:24] [C1] read returns: 131072
[2021-05-06 11:50:43.702][13164][trace][connection] [source/common/network/raw_buffer_socket.cc:24] [C1] read returns: 131072
[2021-05-06 11:50:43.702][15416][trace][connection] [source/common/network/raw_buffer_socket.cc:67] [C0] write returns: 2097228
[2021-05-06 11:50:43.702][13164][trace][connection] [source/common/network/raw_buffer_socket.cc:24] [C1] read returns: 131072
[2021-05-06 11:50:43.703][13164][trace][connection] [source/common/network/raw_buffer_socket.cc:24] [C1] read returns: 131072
[2021-05-06 11:50:43.703][13164][trace][http] [source/common/http/http1/codec_impl.cc:558] [C1] parsing 1048576 bytes
[2021-05-06 11:50:43.703][13164][trace][http] [source/common/http/http1/codec_impl.cc:837] [C1] message begin
[2021-05-06 11:50:43.703][13164][debug][http] [source/common/http/conn_manager_impl.cc:261] [C1] new stream
[2021-05-06 11:50:43.703][13164][trace][misc] [source/common/event/scaled_range_timer_manager_impl.cc:60] enableTimer called on 0x2a8ad89fcc0 for 300000ms, min is 300000ms
[2021-05-06 11:50:43.703][13164][trace][http] [source/common/http/http1/codec_impl.cc:478] [C1] completed header: key=host value=host
[2021-05-06 11:50:43.715][13164][trace][http] [source/common/http/http1/codec_impl.cc:607] [C1] parsed 1048576 bytes
[2021-05-06 11:50:43.716][13164][trace][connection] [source/common/network/connection_impl.cc:547] [C1] socket event: 1
[2021-05-06 11:50:43.716][13164][trace][connection] [source/common/network/connection_impl.cc:585] [C1] read ready. dispatch_buffered_data=false
[2021-05-06 11:50:43.716][13164][trace][connection] [source/common/network/raw_buffer_socket.cc:24] [C1] read returns: 131072
[2021-05-06 11:50:43.716][13164][trace][http] [source/common/http/http1/codec_impl.cc:558] [C1] parsing 1048576 bytes
[2021-05-06 11:50:43.716][13164][debug][http] [source/common/http/filter_manager.cc:883] [C1][S10895939783042008898] Sending local reply with details http1.headers_too_large
[2021-05-06 11:50:43.716][13164][trace][misc] [source/common/event/scaled_range_timer_manager_impl.cc:60] enableTimer called on 0x2a8ad89fcc0 for 300000ms, min is 300000ms
[2021-05-06 11:50:43.716][13164][debug][http] [source/common/http/conn_manager_impl.cc:1453] [C1][S10895939783042008898] encoding headers via codec (end_stream=false):
':status', '431'
'content-length', '31'
'content-type', 'text/plain'
'date', 'Thu, 06 May 2021 18:50:43 GMT'
'server', 'envoy'
'connection', 'close'

[2021-05-06 11:50:43.716][13164][trace][connection] [source/common/network/connection_impl.cc:470] [C1] writing 165 bytes, end_stream false
[2021-05-06 11:50:43.716][13164][trace][misc] [source/common/event/scaled_range_timer_manager_impl.cc:60] enableTimer called on 0x2a8ad89fcc0 for 300000ms, min is 300000ms
[2021-05-06 11:50:43.716][13164][trace][http] [source/common/http/conn_manager_impl.cc:1462] [C1][S10895939783042008898] encoding data via codec (size=31 end_stream=true)
[2021-05-06 11:50:43.716][13164][trace][connection] [source/common/network/connection_impl.cc:470] [C1] writing 31 bytes, end_stream false
[2021-05-06 11:50:43.717][13164][debug][http] [source/common/http/conn_manager_impl.cc:191] [C1][S10895939783042008898] doEndStream() resetting stream
[2021-05-06 11:50:43.717][13164][debug][http] [source/common/http/conn_manager_impl.cc:1502] [C1][S10895939783042008898] stream reset
[2021-05-06 11:50:43.719][13164][trace][main] [source/common/event/dispatcher_impl.cc:252] item added to deferred deletion list (size=1)
[2021-05-06 11:50:43.719][13164][trace][misc] [source/common/event/scaled_range_timer_manager_impl.cc:60] enableTimer called on 0x2a8ad89fe70 for 3600000ms, min is 3600000ms
[2021-05-06 11:50:43.719][13164][debug][connection] [source/common/network/connection_impl.cc:133] [C1] closing data_to_write=196 type=2
[2021-05-06 11:50:43.719][13164][debug][http] [source/common/http/conn_manager_impl.cc:276] [C1] dispatch error: headers size exceeds limit
[2021-05-06 11:50:43.719][13164][debug][connection] [source/common/network/connection_impl.cc:133] [C1] closing data_to_write=196 type=2
[2021-05-06 11:50:43.719][13164][trace][main] [source/common/event/dispatcher_impl.cc:115] clearing deferred deletion list (size=1)
[2021-05-06 11:50:43.719][13164][trace][connection] [source/common/network/connection_impl.cc:547] [C1] socket event: 2
[2021-05-06 11:50:43.719][13164][trace][connection] [source/common/network/connection_impl.cc:656] [C1] write ready
[2021-05-06 11:50:43.719][15416][trace][connection] [source/common/network/connection_impl.cc:547] [C0] socket event: 1
[2021-05-06 11:50:43.719][13164][trace][connection] [source/common/network/raw_buffer_socket.cc:67] [C1] write returns: 196
[2021-05-06 11:50:43.719][15416][trace][connection] [source/common/network/connection_impl.cc:585] [C0] read ready. dispatch_buffered_data=false
[2021-05-06 11:50:43.719][13164][debug][connection] [source/common/network/connection_impl.cc:695] [C1] write flush complete
[2021-05-06 11:50:43.719][13164][debug][connection] [source/common/network/connection_impl.cc:243] [C1] closing socket: 1
[2021-05-06 11:50:43.719][13164][trace][connection] [source/common/network/connection_impl.cc:410] [C1] raising connection event 1
[2021-05-06 11:50:43.719][13164][debug][conn_handler] [source/server/active_tcp_listener.cc:77] [C1] adding to cleanup list
[2021-05-06 11:50:43.719][13164][trace][main] [source/common/event/dispatcher_impl.cc:252] item added to deferred deletion list (size=1)
[2021-05-06 11:50:43.719][13164][trace][main] [source/common/event/dispatcher_impl.cc:252] item added to deferred deletion list (size=2)
[2021-05-06 11:50:43.719][13164][trace][main] [source/common/event/dispatcher_impl.cc:115] clearing deferred deletion list (size=2)
[2021-05-06 11:50:43.719][15416][debug][misc] [source/common/network/io_socket_error_impl.cc:34] Unknown error code 10054 details An existing connection was forcibly closed by the remote host.
[2021-05-06 11:50:43.719][15416][trace][connection] [source/common/network/raw_buffer_socket.cc:38] [C0] read error: An existing connection was forcibly closed by the remote host.
[2021-05-06 11:50:43.719][15416][debug][misc] [source/common/network/io_socket_error_impl.cc:34] Unknown error code 10054 details An existing connection was forcibly closed by the remote host.
[2021-05-06 11:50:43.719][15416][debug][connection] [source/common/network/connection_impl.cc:633] [C0] remote close
[2021-05-06 11:50:43.719][15416][debug][connection] [source/common/network/connection_impl.cc:243] [C0] closing socket: 0
[2021-05-06 11:50:43.719][15416][trace][connection] [source/common/network/connection_impl.cc:410] [C0] raising connection event 0
[2021-05-06 11:50:43.719][15416][trace][http] [source/common/http/http1/codec_impl.cc:558] [C0] parsing 0 bytes
[2021-05-06 11:50:43.719][15416][trace][http] [source/common/http/http1/codec_impl.cc:607] [C0] parsed 0 bytes
[2021-05-06 11:50:43.719][15416][debug][client] [source/common/http/codec_client.cc:107] [C0] disconnect. resetting 1 pending requests
[2021-05-06 11:50:43.719][15416][debug][client] [source/common/http/codec_client.cc:143] [C0] request reset
[2021-05-06 11:50:43.719][15416][trace][main] [source/common/event/dispatcher_impl.cc:252] item added to deferred deletion list (size=1)
[2021-05-06 11:50:43.719][15416][trace][main] [source/common/event/dispatcher_impl.cc:115] clearing deferred deletion list (size=1)
Loaded 'C:\Windows\System32\symsrv.dll'.
Loaded 'C:\Windows\System32\shlwapi.dll'.
Loaded 'C:\Windows\System32\oleaut32.dll'.
Loaded 'C:\Windows\System32\msvcp_win.dll'.
Loaded 'C:\Windows\System32\combase.dll'.
Loaded 'C:\Windows\System32\crypt32.dll'.
Loaded 'C:\Windows\System32\bcrypt.dll'.
test/integration/http_integration.cc(1202): error: Value of: response->complete()
  Actual: false
Expected: true
Stack trace:
  00007FF6A85A5D5C: (unknown)
  00007FF6A85A5C46: (unknown)
  00007FF6A85BECF8: (unknown)
  00007FF6A85BEEBD: (unknown)
  00007FF6A85BF91D: (unknown)
... Google Test internal frames ...

test/integration/http_integration.cc(1202): error: Value of: response->complete()
  Actual: false
Expected: true
Stack trace:
  00007FF6A85A5D5C: (unknown)
  00007FF6A85A5C46: (unknown)
  00007FF6A85BECF8: (unknown)
  00007FF6A85BEEBD: (unknown)
  00007FF6A85BF91D: (unknown)
... Google Test internal frames ...

Exception thrown at 0x00007FF6A77B0FD1 in protocol_integration_test.exe: 0xC0000005: Access violation reading location 0x0000000000000000.
unknown file: error: SEH exception with code 0xc0000005 thrown in the test body.
unknown file: error: SEH exception with code 0xc0000005 thrown in the test body.
[2021-05-06 11:50:43.741][15416][debug][main] [source/common/event/dispatcher_impl.cc:80] destroying dispatcher fake_upstream
[2021-05-06 11:50:43.743][15416][info][testing] [test/integration/server.cc:252] stopping integration test server
[2021-05-06 11:50:43.743][11392][info][main] [source/server/server.cc:822] shutting down server instance
[2021-05-06 11:50:43.743][11392][info][main] [source/server/server.cc:768] main dispatch loop exited
[2021-05-06 11:50:43.743][13164][debug][main] [source/server/worker_impl.cc:139] worker exited dispatch loop
[2021-05-06 11:50:43.743][13164][trace][main] [source/common/event/dispatcher_impl.cc:333] Envoy::Event::DispatcherImpl::shutdown destroyed 0 thread local objects. Peek 0 deferred deletables, 0 post callbacks.
[2021-05-06 11:50:43.743][13164][debug][grpc] [source/common/grpc/google_async_client_impl.cc:40] Joining completionThread
[2021-05-06 11:50:43.743][18392][debug][grpc] [source/common/grpc/google_async_client_impl.cc:73] completionThread exiting
[2021-05-06 11:50:43.744][13164][debug][grpc] [source/common/grpc/google_async_client_impl.cc:42] Joined completionThread
[2021-05-06 11:50:43.744][13164][debug][upstream] [source/common/upstream/cluster_manager_impl.cc:1093] shutting down thread local cluster manager
[2021-05-06 11:50:43.745][11392][debug][main] [source/server/server.cc:209] flushing stats
[2021-05-06 11:50:43.745][11392][debug][init] [source/common/init/watcher_impl.cc:31] ClusterImplBase destroyed
[2021-05-06 11:50:43.745][11392][debug][init] [source/common/init/watcher_impl.cc:31] init manager Cluster cluster_0 destroyed
[2021-05-06 11:50:43.745][11392][debug][grpc] [source/common/grpc/google_async_client_impl.cc:40] Joining completionThread
[2021-05-06 11:50:43.745][19596][debug][grpc] [source/common/grpc/google_async_client_impl.cc:73] completionThread exiting
[2021-05-06 11:50:43.746][11392][debug][grpc] [source/common/grpc/google_async_client_impl.cc:42] Joined completionThread
[2021-05-06 11:50:43.747][11392][debug][upstream] [source/common/upstream/cluster_manager_impl.cc:1093] shutting down thread local cluster manager
[2021-05-06 11:50:43.747][11392][trace][upstream] [source/common/upstream/upstream_impl.cc:968] Schedule destroy cluster info cluster_0
[2021-05-06 11:50:43.747][11392][info][main] [source/server/server.cc:814] exiting
[2021-05-06 11:50:43.747][11392][debug][init] [source/common/init/watcher_impl.cc:31] RunHelper destroyed
[2021-05-06 11:50:43.747][11392][debug][main] [source/server/server.cc:145] destroying listener manager
[2021-05-06 11:50:43.747][11392][debug][init] [source/common/init/target_impl.cc:34] target LDS destroyed
[2021-05-06 11:50:43.747][21656][debug][file] [source/common/filesystem/win32/watcher_impl.cc:167] ReadDirectoryChangesW aborted, exiting
[2021-05-06 11:50:43.748][11392][debug][main] [source/common/event/dispatcher_impl.cc:80] destroying dispatcher worker_0
[2021-05-06 11:50:43.748][11392][debug][init] [source/common/init/watcher_impl.cc:31] Listener-local-init-watcher http destroyed
[2021-05-06 11:50:43.749][11392][debug][init] [source/common/init/watcher_impl.cc:31] init manager Listener-local-init-manager http 6078089564532153465 destroyed
[2021-05-06 11:50:43.749][11392][debug][init] [source/common/init/target_impl.cc:34] target Listener-init-target http destroyed
[2021-05-06 11:50:43.749][11392][debug][main] [source/server/server.cc:147] destroyed listener manager
[2021-05-06 11:50:43.749][11392][trace][main] [source/common/event/dispatcher_impl.cc:333] Envoy::Event::DispatcherImpl::shutdown destroyed 0 thread local objects. Peek 0 deferred deletables, 1 post callbacks.
[2021-05-06 11:50:43.750][11392][debug][main] [source/common/event/dispatcher_impl.cc:80] destroying dispatcher workers_guarddog_thread
[2021-05-06 11:50:43.750][11392][debug][main] [source/common/event/dispatcher_impl.cc:80] destroying dispatcher main_thread_guarddog_thread
[2021-05-06 11:50:43.750][11392][debug][main] [source/common/access_log/access_log_manager_impl.cc:18] destroying access logger NUL
[2021-05-06 11:50:43.750][11392][debug][main] [source/common/access_log/access_log_manager_impl.cc:18] destroying access logger C:\Windows\TEMP/16008_16203270435945553
[2021-05-06 11:50:43.752][11392][debug][main] [source/common/access_log/access_log_manager_impl.cc:21] destroyed access loggers
[2021-05-06 11:50:43.752][11392][debug][init] [source/common/init/watcher_impl.cc:31] init manager RTDS destroyed
[2021-05-06 11:50:43.752][11392][debug][init] [source/common/init/watcher_impl.cc:31] RTDS destroyed
[2021-05-06 11:50:43.752][11392][debug][main] [source/common/event/dispatcher_impl.cc:80] destroying dispatcher main_thread
[2021-05-06 11:50:43.753][11392][debug][init] [source/common/init/watcher_impl.cc:31] init manager Server destroyed
[2021-05-06 11:50:43.753][15416][debug][main] [source/common/event/dispatcher_impl.cc:80] destroying dispatcher test_thread
[  FAILED  ] Protocols/DownstreamProtocolIntegrationTest.VeryLargeRequestHeadersRejected/IPv4_HttpDownstream_HttpUpstream, where GetParam() = 12-byte object <00-00 00-00 00-00 00-00 00-00 00-00> (204 ms)
[----------] 1 test from Protocols/DownstreamProtocolIntegrationTest (205 ms total)

[----------] Global test environment tear-down
[==========] 1 test from 1 test suite ran. (206 ms total)
[  PASSED  ] 0 tests.
[  FAILED  ] 1 test, listed below:
[  FAILED  ] Protocols/DownstreamProtocolIntegrationTest.VeryLargeRequestHeadersRejected/IPv4_HttpDownstream_HttpUpstream, where GetParam() = 12-byte object <00-00 00-00 00-00 00-00 00-00 00-00>

 1 FAILED TEST
The program '[16008] protocol_integration_test.exe' has exited with code 1 (0x1).
